{
  "exclude": {
    "files": "(.*pnpm-lock.*|.*js.*|node_modules|.venv|.*jinja2.*|.*woff2.*)|^.secrets.baseline$|^.env$",
    "lines": null
  },
  "generated_at": "2026-03-16T18:05:27Z",
  "plugins_used": [
    {
      "name": "AWSKeyDetector"
    },
    {
      "name": "ArtifactoryDetector"
    },
    {
      "name": "AzureStorageKeyDetector"
    },
    {
      "base64_limit": 4.5,
      "name": "Base64HighEntropyString"
    },
    {
      "name": "BasicAuthDetector"
    },
    {
      "name": "BoxDetector"
    },
    {
      "name": "CloudantDetector"
    },
    {
      "ghe_instance": "github.ibm.com",
      "name": "GheDetector"
    },
    {
      "name": "GitHubTokenDetector"
    },
    {
      "hex_limit": 3,
      "name": "HexHighEntropyString"
    },
    {
      "name": "IbmCloudIamDetector"
    },
    {
      "name": "IbmCosHmacDetector"
    },
    {
      "name": "JwtTokenDetector"
    },
    {
      "keyword_exclude": null,
      "name": "KeywordDetector"
    },
    {
      "name": "MailchimpDetector"
    },
    {
      "name": "NpmDetector"
    },
    {
      "name": "PrivateKeyDetector"
    },
    {
      "name": "SlackDetector"
    },
    {
      "name": "SoftlayerDetector"
    },
    {
      "name": "SquareOAuthDetector"
    },
    {
      "name": "StripeDetector"
    },
    {
      "name": "TwilioKeyDetector"
    }
  ],
  "results": {
    ".env.example": [
      {
        "hashed_secret": "4769d33515380ef4bb5f07f86ccce38a29a1064a",
        "is_secret": false,
        "is_verified": false,
        "line_number": 4,
        "type": "Secret Keyword",
        "verified_result": null
      },
      {
        "hashed_secret": "5c327ea40bef3b7be6b98a2e92e290a5893c35bb",
        "is_secret": false,
        "is_verified": false,
        "line_number": 9,
        "type": "Secret Keyword",
        "verified_result": null
      },
      {
        "hashed_secret": "11fa7c37d697f30e6aee828b4426a10f83ab2380",
        "is_secret": false,
        "is_verified": false,
        "line_number": 14,
        "type": "Secret Keyword",
        "verified_result": null
      },
      {
        "hashed_secret": "c303df00cd0a72b21c62900b758b06fc541664ce",
        "is_secret": false,
        "is_verified": false,
        "line_number": 27,
        "type": "Secret Keyword",
        "verified_result": null
      },
      {
        "hashed_secret": "6221b3dae66c78a4e0a27e9cd696e71131e554b9",
        "is_secret": false,
        "is_verified": false,
        "line_number": 44,
        "type": "Secret Keyword",
        "verified_result": null
      }
    ],
    ".github/workflows/deploy-image.yml": [
      {
        "hashed_secret": "748b8787b8e7a581eb53b25da00065e059cdaac2",
        "is_secret": false,
        "is_verified": false,
        "line_number": 1,
        "type": "Secret Keyword",
        "verified_result": null
      }
    ],
    "README.md": [
      {
        "hashed_secret": "31b39b4c464eab8599f84caec3a1140c2ba09b0f",
        "is_secret": false,
        "is_verified": false,
        "line_number": 192,
        "type": "Secret Keyword",
        "verified_result": null
      },
      {
        "hashed_secret": "f23d2bcf6f76d2f36f3fe3df006bb26cf5daf394",
        "is_secret": false,
        "is_verified": false,
        "line_number": 242,
        "type": "Secret Keyword",
        "verified_result": null
      },
      {
        "hashed_secret": "c6bebac7ac267cd09b766423e74551efde2e8fc5",
        "is_secret": false,
        "is_verified": false,
        "line_number": 270,
        "type": "Secret Keyword",
        "verified_result": null
      },
      {
        "hashed_secret": "d9e9019d9eb455a3d72a3bc252c26927bb148a10",
        "is_secret": false,
        "is_verified": false,
        "line_number": 290,
        "type": "Secret Keyword",
        "verified_result": null
      },
      {
        "hashed_secret": "11fa7c37d697f30e6aee828b4426a10f83ab2380",
        "is_secret": false,
        "is_verified": false,
        "line_number": 303,
        "type": "Secret Keyword",
        "verified_result": null
      },
      {
        "hashed_secret": "49697e763a0dda5673303db0e2a91c309ed73c2d",
        "is_secret": false,
        "is_verified": false,
        "line_number": 320,
        "type": "Secret Keyword",
        "verified_result": null
      },
      {
        "hashed_secret": "770934e35ff179527cb9ee4cd329cabaf7ba3048",
        "is_secret": false,
        "is_verified": false,
        "line_number": 339,
        "type": "Secret Keyword",
        "verified_result": null
      },
      {
        "hashed_secret": "e7d9ef2cdcdf94254667dc49ca85306258b571b5",
        "is_secret": false,
        "is_verified": false,
        "line_number": 596,
        "type": "Secret Keyword",
        "verified_result": null
      }
    ],
    "deployment/.env.example": [
      {
        "hashed_secret": "4769d33515380ef4bb5f07f86ccce38a29a1064a",
        "is_secret": false,
        "is_verified": false,
        "line_number": 4,
        "type": "Secret Keyword",
        "verified_result": null
      },
      {
        "hashed_secret": "a6778f1880744bd1a342a8e3789135412d8f9da2",
        "is_secret": false,
        "is_verified": false,
        "line_number": 7,
        "type": "Secret Keyword",
        "verified_result": null
      },
      {
        "hashed_secret": "5c327ea40bef3b7be6b98a2e92e290a5893c35bb",
        "is_secret": false,
        "is_verified": false,
        "line_number": 12,
        "type": "Secret Keyword",
        "verified_result": null
      }
    ],
    "deployment/README.md": [
      {
        "hashed_secret": "7ff000febb6b9e7d022a01cf0e097b3864bce12e",
        "is_secret": false,
        "is_verified": false,
        "line_number": 86,
        "type": "Secret Keyword",
        "verified_result": null
      },
      {
        "hashed_secret": "5278a5e4617ed1e35845ffc2460653fa491bdf67",
        "is_secret": false,
        "is_verified": false,
        "line_number": 87,
        "type": "Secret Keyword",
        "verified_result": null
      },
      {
        "hashed_secret": "d8546aa2057245181c6e9752feb2eefd22d9de7b",
        "is_secret": false,
        "is_verified": false,
        "line_number": 110,
        "type": "Secret Keyword",
        "verified_result": null
      },
      {
        "hashed_secret": "4e102bd8782fca6a54e1f830dc08e005801be918",
        "is_secret": false,
        "is_verified": false,
        "line_number": 176,
        "type": "Secret Keyword",
        "verified_result": null
      },
      {
        "hashed_secret": "312998326bd54dbd463abda36df0bcf8c0fec0fd",
        "is_secret": false,
        "is_verified": false,
        "line_number": 177,
        "type": "Secret Keyword",
        "verified_result": null
      },
      {
        "hashed_secret": "c0d57bc4385e3627a78f75010f66e0ca052cad5d",
        "is_secret": false,
        "is_verified": false,
        "line_number": 182,
        "type": "Secret Keyword",
        "verified_result": null
      },
      {
        "hashed_secret": "ec417f567082612f8fd6afafe1abcab831fca840",
        "is_secret": false,
        "is_verified": false,
        "line_number": 228,
        "type": "Secret Keyword",
        "verified_result": null
      },
      {
        "hashed_secret": "9a44f1a6b92be5567dda38cf788254238da0c227",
        "is_secret": false,
        "is_verified": false,
        "line_number": 229,
        "type": "Secret Keyword",
        "verified_result": null
      },
      {
        "hashed_secret": "a9a12ee985985841c3d66f4de9e5811477ef00f9",
        "is_secret": false,
        "is_verified": false,
        "line_number": 351,
        "type": "Basic Auth Credentials",
        "verified_result": null
      }
    ],
    "deployment/deploy-local-postgres.sh": [
      {
        "hashed_secret": "cff0d14e4337fa8bdb68dfa906f04b0df6fad72f",
        "is_secret": false,
        "is_verified": false,
        "line_number": 34,
        "type": "Secret Keyword",
        "verified_result": null
      }
    ],
    "deployment/deploy-local.sh": [
      {
        "hashed_secret": "cff0d14e4337fa8bdb68dfa906f04b0df6fad72f",
        "is_secret": false,
        "is_verified": false,
        "line_number": 52,
        "type": "Secret Keyword",
        "verified_result": null
      }
    ],
    "deployment/helm/cleanup-openshift.sh": [
      {
        "hashed_secret": "75b08fd0503a80e9dff9529ec051878b3c156802",
        "is_secret": false,
        "is_verified": false,
        "line_number": 116,
        "type": "Secret Keyword",
        "verified_result": null
      }
    ],
    "deployment/helm/deploy-openshift.sh": [
      {
        "hashed_secret": "75b08fd0503a80e9dff9529ec051878b3c156802",
        "is_secret": false,
        "is_verified": false,
        "line_number": 136,
        "type": "Secret Keyword",
        "verified_result": null
      },
      {
        "hashed_secret": "cff0d14e4337fa8bdb68dfa906f04b0df6fad72f",
        "is_secret": false,
        "is_verified": false,
        "line_number": 178,
        "type": "Secret Keyword",
        "verified_result": null
      }
    ],
    "deployment/helm/postgres-pgvector/README.md": [
      {
        "hashed_secret": "c35bdb821a941808a150db95d0f934f449bbff17",
        "is_secret": false,
        "is_verified": false,
        "line_number": 15,
        "type": "Secret Keyword",
        "verified_result": null
      },
      {
        "hashed_secret": "04a963d9980f19119d967d50afff9f2b2a203b1d",
        "is_secret": false,
        "is_verified": false,
        "line_number": 17,
        "type": "Secret Keyword",
        "verified_result": null
      },
      {
        "hashed_secret": "1c2b0d17c738509518ecc6efa233ee6c10e724f2",
        "is_secret": false,
        "is_verified": false,
        "line_number": 25,
        "type": "Basic Auth Credentials",
        "verified_result": null
      }
    ],
    "design.md": [
      {
        "hashed_secret": "e9e7c20cb4ce08767256cbef86437e4561b54799",
        "is_secret": false,
        "is_verified": false,
        "line_number": 161,
        "type": "Secret Keyword",
        "verified_result": null
      }
    ],
    "docs/examples/cuga_as_mcp/.env.example": [
      {
        "hashed_secret": "018f4d7f06cb8626e1756452581373e05ae41c56",
        "is_secret": false,
        "is_verified": false,
        "line_number": 19,
        "type": "Secret Keyword",
        "verified_result": null
      }
    ],
    "docs/examples/cuga_with_runtime_tools/.env.example": [
      {
        "hashed_secret": "018f4d7f06cb8626e1756452581373e05ae41c56",
        "is_secret": false,
        "is_verified": false,
        "line_number": 19,
        "type": "Secret Keyword",
        "verified_result": null
      }
    ],
    "docs/examples/cuga_with_runtime_tools/README.md": [
      {
        "hashed_secret": "bfc5221616fd29387d7413aeb41401391dceefa8",
        "is_secret": false,
        "is_verified": false,
        "line_number": 294,
        "type": "Secret Keyword",
        "verified_result": null
      }
    ],
    "docs/examples/cuga_with_runtime_tools/mcp_servers.yaml": [
      {
        "hashed_secret": "a3e14ca24483c78554c083bc907c7194c7846ef1",
        "is_secret": false,
        "is_verified": false,
        "line_number": 56,
        "type": "Secret Keyword",
        "verified_result": null
      }
    ],
    "src/cuga/backend/llm/models.py": [
      {
        "hashed_secret": "829c3804401b0727f70f73d4415e162400cbe57b",
        "is_secret": false,
        "is_verified": false,
        "line_number": 522,
        "type": "Secret Keyword",
        "verified_result": null
      }
    ],
    "src/cuga/backend/secrets/seed.py": [
      {
        "hashed_secret": "34fdaba0f5e1a8e596fd1b5464ccb26735f16124",
        "is_secret": false,
        "is_verified": false,
        "line_number": 10,
        "type": "Secret Keyword",
        "verified_result": null
      },
      {
        "hashed_secret": "d5c2ed8d21390c7349954b681276adabf345cd5f",
        "is_secret": false,
        "is_verified": false,
        "line_number": 11,
        "type": "Secret Keyword",
        "verified_result": null
      },
      {
        "hashed_secret": "f7f71c7b39b889f796dda3ff85c60627bf327c75",
        "is_secret": false,
        "is_verified": false,
        "line_number": 12,
        "type": "Secret Keyword",
        "verified_result": null
      },
      {
        "hashed_secret": "c94055f8ca03dd00999828feb2eaead9acb1302e",
        "is_secret": false,
        "is_verified": false,
        "line_number": 13,
        "type": "Secret Keyword",
        "verified_result": null
      },
      {
        "hashed_secret": "3fd1df3d95a156a37d3edd4527feba9a820c56b8",
        "is_secret": false,
        "is_verified": false,
        "line_number": 14,
        "type": "Secret Keyword",
        "verified_result": null
      },
      {
        "hashed_secret": "414d33be518726d57e9c2af24a85c0f5ba6ce4ca",
        "is_secret": false,
        "is_verified": false,
        "line_number": 16,
        "type": "Secret Keyword",
        "verified_result": null
      },
      {
        "hashed_secret": "085f4f2247c901ccbb7612ff72b316d20492295b",
        "is_secret": false,
        "is_verified": false,
        "line_number": 17,
        "type": "Secret Keyword",
        "verified_result": null
      },
      {
        "hashed_secret": "9633a20f8ffd7c00aa793ca8f32f6a0afba0b3ac",
        "is_secret": false,
        "is_verified": false,
        "line_number": 18,
        "type": "Secret Keyword",
        "verified_result": null
      }
    ],
    "src/cuga/backend/tools_env/registry/config/mcp_servers.yaml": [
      {
        "hashed_secret": "89a6cfe2a229151e8055abee107d45ed087bbb4f",
        "is_secret": false,
        "is_verified": false,
        "line_number": 55,
        "type": "Secret Keyword",
        "verified_result": null
      }
    ],
    "src/cuga/backend/tools_env/registry/tests/test_auth/auth_server.py": [
      {
        "hashed_secret": "d4e0e04792fd434b5dc9c4155c178f66edcf4ed3",
        "is_secret": false,
        "is_verified": false,
        "line_number": 18,
        "type": "Secret Keyword",
        "verified_result": null
      },
      {
        "hashed_secret": "1eac13f1578ef493b9ed5617a5f4a31b271eb667",
        "is_secret": false,
        "is_verified": false,
        "line_number": 20,
        "type": "Secret Keyword",
        "verified_result": null
      }
    ],
    "src/frontend_workspaces/agentic_chat/src/ModelConfig.tsx": [
      {
        "hashed_secret": "2183e6a4e27666ce602ddf941739cf347e2362fe",
        "is_secret": false,
        "is_verified": false,
        "line_number": 148,
        "type": "Secret Keyword",
        "verified_result": null
      }
    ],
    "src/frontend_workspaces/frontend/src/AddToolModal.tsx": [
      {
        "hashed_secret": "6c965552a3682c9ca3435cdfd55af289b8c3b869",
        "is_secret": false,
        "is_verified": false,
        "line_number": 30,
        "type": "Secret Keyword",
        "verified_result": null
      },
      {
        "hashed_secret": "77fd040d42b4e7a0ee8adf486b9e89841fba1f65",
        "is_secret": false,
        "is_verified": false,
        "line_number": 92,
        "type": "Secret Keyword",
        "verified_result": null
      },
      {
        "hashed_secret": "1bcc59b324708cc856541522bd845c53a709d932",
        "is_secret": false,
        "is_verified": false,
        "line_number": 107,
        "type": "Secret Keyword",
        "verified_result": null
      },
      {
        "hashed_secret": "d0ba47ccbefb78340565269f5b73af6f1afa4396",
        "is_secret": false,
        "is_verified": false,
        "line_number": 166,
        "type": "Secret Keyword",
        "verified_result": null
      }
    ],
    "src/frontend_workspaces/frontend/src/ManagePage.tsx": [
      {
        "hashed_secret": "1f5e25be9b575e9f5d39c82dfd1d9f4d73f1975c",
        "is_secret": false,
        "is_verified": false,
        "line_number": 107,
        "type": "Secret Keyword",
        "verified_result": null
      },
      {
        "hashed_secret": "d0a3e7f81a9885e99049d1cae0336d269d5e47a9",
        "is_secret": false,
        "is_verified": false,
        "line_number": 147,
        "type": "Secret Keyword",
        "verified_result": null
      },
      {
        "hashed_secret": "48bf2239eea43073d82dc9a4ad45200b8e297363",
        "is_secret": false,
        "is_verified": false,
        "line_number": 239,
        "type": "Secret Keyword",
        "verified_result": null
      },
      {
        "hashed_secret": "6947818ac409551f11fbaa78f0ea6391960aa5b8",
        "is_secret": false,
        "is_verified": false,
        "line_number": 240,
        "type": "Secret Keyword",
        "verified_result": null
      }
    ],
    "src/frontend_workspaces/frontend/src/api.ts": [
      {
        "hashed_secret": "d3ecb0d890368d7659ee54010045b835dacb8efe",
        "is_secret": false,
        "is_verified": false,
        "line_number": 49,
        "type": "Secret Keyword",
        "verified_result": null
      },
      {
        "hashed_secret": "f5cbae85fb47446511da4c9974e2da448caee7e1",
        "is_secret": false,
        "is_verified": false,
        "line_number": 165,
        "type": "Secret Keyword",
        "verified_result": null
      }
    ],
    "tests/integration/test_llm_config_publish.py": [
      {
        "hashed_secret": "18ddbc9bbacbf4a9baa379b0a09880dfffede940",
        "is_secret": false,
        "is_verified": false,
        "line_number": 245,
        "type": "Secret Keyword",
        "verified_result": null
      }
    ],
    "tests/unit/test_llm_override.py": [
      {
        "hashed_secret": "d02a1215a382dd014f4e48cb99f6896462b12d30",
        "is_secret": false,
        "is_verified": false,
        "line_number": 104,
        "type": "Secret Keyword",
        "verified_result": null
      },
      {
        "hashed_secret": "68ae90e9a866a86ce4d62f491670b83b80973d3f",
        "is_secret": false,
        "is_verified": false,
        "line_number": 123,
        "type": "Secret Keyword",
        "verified_result": null
      },
      {
        "hashed_secret": "fc59ee2d2451a12914d0ef4029dbcb5261cf483e",
        "is_secret": false,
        "is_verified": false,
        "line_number": 128,
        "type": "Secret Keyword",
        "verified_result": null
      },
      {
        "hashed_secret": "18ddbc9bbacbf4a9baa379b0a09880dfffede940",
        "is_secret": false,
        "is_verified": false,
        "line_number": 190,
        "type": "Secret Keyword",
        "verified_result": null
      }
    ]
  },
  "version": "0.13.1+ibm.64.dss",
  "word_list": {
    "file": null,
    "hash": null
  }
}
