{
  "exclude": {
    "files": "(.*pnpm-lock.*|.*js.*|node_modules|.venv|.*jinja2.*|.*woff2.*)|^.secrets.baseline$|^.env$",
    "lines": null
  },
  "generated_at": "2026-02-14T23:58:53Z",
  "plugins_used": [
    {
      "name": "AWSKeyDetector"
    },
    {
      "name": "ArtifactoryDetector"
    },
    {
      "name": "AzureStorageKeyDetector"
    },
    {
      "base64_limit": 4.5,
      "name": "Base64HighEntropyString"
    },
    {
      "name": "BasicAuthDetector"
    },
    {
      "name": "BoxDetector"
    },
    {
      "name": "CloudantDetector"
    },
    {
      "ghe_instance": "github.ibm.com",
      "name": "GheDetector"
    },
    {
      "name": "GitHubTokenDetector"
    },
    {
      "hex_limit": 3,
      "name": "HexHighEntropyString"
    },
    {
      "name": "IbmCloudIamDetector"
    },
    {
      "name": "IbmCosHmacDetector"
    },
    {
      "name": "JwtTokenDetector"
    },
    {
      "keyword_exclude": null,
      "name": "KeywordDetector"
    },
    {
      "name": "MailchimpDetector"
    },
    {
      "name": "NpmDetector"
    },
    {
      "name": "PrivateKeyDetector"
    },
    {
      "name": "SlackDetector"
    },
    {
      "name": "SoftlayerDetector"
    },
    {
      "name": "SquareOAuthDetector"
    },
    {
      "name": "StripeDetector"
    },
    {
      "name": "TwilioKeyDetector"
    }
  ],
  "results": {
    ".env.example": [
      {
        "hashed_secret": "018f4d7f06cb8626e1756452581373e05ae41c56",
        "is_secret": false,
        "is_verified": false,
        "line_number": 28,
        "type": "Secret Keyword",
        "verified_result": null
      }
    ],
    "README.md": [
      {
        "hashed_secret": "31b39b4c464eab8599f84caec3a1140c2ba09b0f",
        "is_secret": false,
        "is_verified": false,
        "line_number": 192,
        "type": "Secret Keyword",
        "verified_result": null
      },
      {
        "hashed_secret": "f23d2bcf6f76d2f36f3fe3df006bb26cf5daf394",
        "is_secret": false,
        "is_verified": false,
        "line_number": 242,
        "type": "Secret Keyword",
        "verified_result": null
      },
      {
        "hashed_secret": "c6bebac7ac267cd09b766423e74551efde2e8fc5",
        "is_secret": false,
        "is_verified": false,
        "line_number": 270,
        "type": "Secret Keyword",
        "verified_result": null
      },
      {
        "hashed_secret": "d9e9019d9eb455a3d72a3bc252c26927bb148a10",
        "is_secret": false,
        "is_verified": false,
        "line_number": 290,
        "type": "Secret Keyword",
        "verified_result": null
      },
      {
        "hashed_secret": "11fa7c37d697f30e6aee828b4426a10f83ab2380",
        "is_secret": false,
        "is_verified": false,
        "line_number": 303,
        "type": "Secret Keyword",
        "verified_result": null
      },
      {
        "hashed_secret": "49697e763a0dda5673303db0e2a91c309ed73c2d",
        "is_secret": false,
        "is_verified": false,
        "line_number": 320,
        "type": "Secret Keyword",
        "verified_result": null
      },
      {
        "hashed_secret": "770934e35ff179527cb9ee4cd329cabaf7ba3048",
        "is_secret": false,
        "is_verified": false,
        "line_number": 339,
        "type": "Secret Keyword",
        "verified_result": null
      },
      {
        "hashed_secret": "e7d9ef2cdcdf94254667dc49ca85306258b571b5",
        "is_secret": false,
        "is_verified": false,
        "line_number": 596,
        "type": "Secret Keyword",
        "verified_result": null
      }
    ],
    "design.md": [
      {
        "hashed_secret": "e9e7c20cb4ce08767256cbef86437e4561b54799",
        "is_secret": false,
        "is_verified": false,
        "line_number": 161,
        "type": "Secret Keyword",
        "verified_result": null
      }
    ],
    "docs/examples/cuga_as_mcp/.env.example": [
      {
        "hashed_secret": "018f4d7f06cb8626e1756452581373e05ae41c56",
        "is_secret": false,
        "is_verified": false,
        "line_number": 19,
        "type": "Secret Keyword",
        "verified_result": null
      }
    ],
    "docs/examples/cuga_with_runtime_tools/.env.example": [
      {
        "hashed_secret": "018f4d7f06cb8626e1756452581373e05ae41c56",
        "is_secret": false,
        "is_verified": false,
        "line_number": 19,
        "type": "Secret Keyword",
        "verified_result": null
      }
    ],
    "docs/examples/cuga_with_runtime_tools/README.md": [
      {
        "hashed_secret": "bfc5221616fd29387d7413aeb41401391dceefa8",
        "is_secret": false,
        "is_verified": false,
        "line_number": 294,
        "type": "Secret Keyword",
        "verified_result": null
      }
    ],
    "docs/examples/cuga_with_runtime_tools/mcp_servers.yaml": [
      {
        "hashed_secret": "a3e14ca24483c78554c083bc907c7194c7846ef1",
        "is_secret": false,
        "is_verified": false,
        "line_number": 56,
        "type": "Secret Keyword",
        "verified_result": null
      }
    ],
    "src/cuga/backend/tools_env/registry/config/mcp_servers.yaml": [
      {
        "hashed_secret": "89a6cfe2a229151e8055abee107d45ed087bbb4f",
        "is_secret": false,
        "is_verified": false,
        "line_number": 55,
        "type": "Secret Keyword",
        "verified_result": null
      }
    ],
    "src/cuga/backend/tools_env/registry/tests/test_auth/auth_server.py": [
      {
        "hashed_secret": "d4e0e04792fd434b5dc9c4155c178f66edcf4ed3",
        "is_secret": false,
        "is_verified": false,
        "line_number": 18,
        "type": "Secret Keyword",
        "verified_result": null
      },
      {
        "hashed_secret": "1eac13f1578ef493b9ed5617a5f4a31b271eb667",
        "is_secret": false,
        "is_verified": false,
        "line_number": 20,
        "type": "Secret Keyword",
        "verified_result": null
      }
    ],
    "src/frontend_workspaces/agentic_chat/src/ModelConfig.tsx": [
      {
        "hashed_secret": "2183e6a4e27666ce602ddf941739cf347e2362fe",
        "is_secret": false,
        "is_verified": false,
        "line_number": 147,
        "type": "Secret Keyword",
        "verified_result": null
      }
    ]
  },
  "version": "0.13.1+ibm.64.dss",
  "word_list": {
    "file": null,
    "hash": null
  }
}
